const { q } = require("./_q");
const add = [];
const fix = [];

// =====================================================================
// add: 新規問題
// =====================================================================

// --- qd-sec01 責任共有モデル (10問) ---
add.push(
  q("qd-sec01-e1","security","責任共有モデル",1,
    "「ゲストOS内のアプリケーションのセキュリティパッチ適用」の責任者は誰ですか。",
    ["利用者（アプリ層のパッチ管理）","AWS（基盤側の管理）","データセンター運営会社","回線を提供するISP"],
    "アプリケーション層のパッチ管理は利用者の責任です。",
    ["AWSは基盤側の管理が責任範囲です。","データセンター運営会社は関与しません。","ISPは関与しません。"],
    ["責任共有モデル"],"アプリの中身は利用者、基盤はAWS"),
  q("qd-sec01-e2","security","責任共有モデル",2,
    "Amazon RDSにおける「データベースエンジン自体のパッチ適用」の責任者は誰ですか。",
    ["AWS（マネージド部分の運用）","利用者","第三者ベンダー","利用者の情シス部門"],
    "RDSはマネージド型サービスのため、DBエンジンのパッチ適用はAWSが担います。",
    ["利用者はデータの中身や設定を担当します。","第三者ベンダーは関与しません。","情シス部門はこの作業を行いません。"],
    ["責任共有モデル","マネージドサービス"],"マネージド型はAWSの担当範囲が広い"),
  q("qd-sec01-e3","security","責任共有モデル",2,
    "自社で開発したWebアプリのコードにSQLインジェクションの脆弱性があり侵入されました。主な責任範囲はどちらですか。",
    ["利用者（アプリコードの脆弱性管理）","AWS（基盤の管理）","AWSサポート","ネットワーク機器ベンダー"],
    "アプリケーションコードの脆弱性は利用者の責任範囲です。",
    ["AWSは基盤の管理が責任範囲です。","サポートが代行するものではありません。","ネットワーク機器ベンダーは関与しません。"],
    ["責任共有モデル","シナリオ"],"自作アプリの脆弱性は利用者の責任"),
  q("qd-sec01-e4","security","責任共有モデル",2,
    "AWSが管理するネットワーク機器の不具合でリージョン間の通信に障害が起きました。主な責任範囲はどちらですか。",
    ["AWS（基盤ネットワークの管理）","利用者","利用者の運用チーム","外部CDN事業者"],
    "基盤ネットワーク機器の管理はAWSの責任範囲です。",
    ["利用者はデータ・設定側の管理を担います。","運用チームが基盤機器を管理するわけではありません。","外部CDN事業者は関与しません。"],
    ["責任共有モデル","シナリオ"],"基盤の機器はAWSの責任"),
  q("qd-sec01-e5","security","責任共有モデル",1,
    "次のうち、利用者の責任に含まれないものはどれですか。",
    ["データセンターの入退室管理","IAMユーザーへの権限付与","アプリケーションデータの暗号化選択","セキュリティグループの設定"],
    "データセンターの入退室管理はAWSが担う物理セキュリティです。",
    ["IAMユーザーへの権限付与は利用者の責任です。","暗号化の選択は利用者の責任です。","セキュリティグループの設定は利用者の責任です。"],
    ["責任共有モデル","誤り探し"],"物理施設はAWS、設定は利用者"),
  q("qd-sec01-e6","security","責任共有モデル",1,
    "責任共有モデルは英語で「Shared ＿＿＿＿＿＿ Model」と呼ばれます。＿＿＿＿＿＿に入るのはどれですか。",
    ["Responsibility","Security","Compliance","Ownership"],
    "正式名称はShared Responsibility Modelです。",
    ["Securityという語は含まれません。","Complianceという語は含まれません。","Ownershipという語は含まれません。"],
    ["責任共有モデル","穴埋め"],"Shared Responsibility Model"),
  q("qd-sec01-e7","security","責任共有モデル",2,
    "EC2（IaaS）とS3（マネージド型）を比べたとき、AWSが担う範囲について正しいものはどれですか。",
    ["マネージド型のS3の方がAWSの担う範囲が広い","IaaSのEC2の方がAWSの担う範囲が広い","両者でAWSの範囲は全く同じ","マネージド型では利用者の責任がなくなる"],
    "マネージド型サービスほどAWSが担う運用範囲は広がります。",
    ["IaaSはOS以上を利用者が管理するため範囲は狭くなります。","サービス形態により範囲は異なります。","マネージド型でも設定管理などの責任は残ります。"],
    ["責任共有モデル","サービス比較"],"マネージド型ほどAWSの担当が広い"),
  q("qd-sec01-e8","security","責任共有モデル",1,
    "「利用者が行うデータの分類・アクセス許可の判断」はどちらの責任範囲ですか。",
    ["利用者","AWS","AWSサポート","認定監査法人"],
    "データの分類やアクセス許可の判断は利用者の責任です。",
    ["AWSは基盤側の責任です。","サポートが代行するものではありません。","監査法人は関与しません。"],
    ["責任共有モデル"],"データの扱いは利用者の判断"),
  q("qd-sec01-e9","security","責任共有モデル",2,
    "EC2のセキュリティグループの設定ミスで不要なポートが開放され侵入されました。主な責任範囲はどちらですか。",
    ["利用者（ネットワーク設定の管理）","AWS（基盤の管理）","AWSサポート","ハードウェアベンダー"],
    "セキュリティグループの設定は利用者の責任範囲です。",
    ["AWSは基盤の管理が責任範囲です。","サポートが代行するものではありません。","ハードウェアベンダーは関与しません。"],
    ["責任共有モデル","シナリオ"],"SGの設定ミスは利用者の責任"),
  q("qd-sec01-e10","security","責任共有モデル",2,
    "責任共有モデルの説明として誤っているものはどれですか。",
    ["利用者はデータセンターの物理警備を行う","AWSはハイパーバイザーを管理する","利用者はIAM権限を設定する","境界はサービスの形態により変わる"],
    "データセンターの物理警備はAWSの責任であり、利用者の責任ではありません。",
    ["AWSがハイパーバイザーを管理するのは正しい説明です。","利用者がIAM権限を設定するのは正しい説明です。","境界がサービス形態で変わるのは正しい説明です。"],
    ["責任共有モデル","誤り探し"],"物理警備は常にAWS側"),
);

// --- qd-sec02 IAMの基本 (19問) ---
add.push(
  q("qd-sec02-e1","security","IAM",1,
    "IAMユーザーに直接ポリシーを付与する方法と比べ、グループ経由で付与する利点は何ですか。",
    ["ユーザーが増えても一括で管理しやすい","権限が自動で最小になる","パスワードが不要になる","MFAが自動で有効になる"],
    "グループにポリシーを付与すればメンバー全員へ一括で反映でき、管理が容易になります。",
    ["権限が自動的に最小化されるわけではありません。","パスワードの要否とは無関係です。","MFAが自動で有効になるわけではありません。"],
    ["IAM","グループ"],"共通権限はグループでまとめる"),
  q("qd-sec02-e2","security","IAM",1,
    "IAMロールとIAMユーザーの違いとして正しいものはどれですか。",
    ["ロールは一時的に権限を借り、ユーザーは恒久的なIDを持つ","ロールもユーザーも全く同じ機能である","ユーザーの方が一時的な仕組みである","ロールにはパスワードが必須である"],
    "ロールは一時的に権限を貸し出す仕組みで、ユーザーは恒久的なIDです。",
    ["両者は役割が異なります。","一時的なのはロールの方です。","ロールにパスワードは不要です。"],
    ["IAM","ロール"],"ロール＝一時、ユーザー＝恒久ID"),
  q("qd-sec02-e3","security","IAM",1,
    "複数のAWSサービス間で安全に連携させたいとき、最適な方法はどれですか。",
    ["IAMロールを使い一時的に権限を渡す","アクセスキーをソースコードに埋め込む","ルートユーザーの認証情報を共有する","全サービスに同じパスワードを設定する"],
    "サービス間連携にはIAMロールを使い、鍵を配らずに一時的な権限を渡すのが安全です。",
    ["キー直書きは漏洩リスクがあります。","ルート共有は避けるべきです。","パスワード共有という概念自体が不適切です。"],
    ["IAM","ロール"],"サービス連携はロールが基本"),
  q("qd-sec02-e4","security","IAM",1,
    "「特定のユーザーだけに個別の例外的権限を追加したい」ときに使うのはどれですか。",
    ["ユーザーに直接ポリシーをアタッチする","グループの権限を全体で下げる","ルートユーザーに変更する","アクセスキーを再発行する"],
    "個別の例外対応にはユーザーへ直接ポリシーをアタッチする方法が適しています。",
    ["グループ全体を変更すると他のメンバーにも影響します。","ルートユーザーへの変更は不適切です。","キーの再発行と権限追加は無関係です。"],
    ["IAM","ポリシー"],"個別例外はユーザーへ直接付与"),
  q("qd-sec02-e5","security","IAM",1,
    "IAMポリシーの説明として正しいものはどれですか。",
    ["JSON形式で許可・拒否を記述した文書","ユーザーをまとめる入れ物","一時的な認証情報そのもの","仮想サーバーの設定ファイル"],
    "IAMポリシーはJSON形式で許可・拒否のルールを記述した文書です。",
    ["ユーザーをまとめるのはグループです。","一時的な認証情報はSTSが発行するものです。","仮想サーバーの設定はEC2側の話です。"],
    ["IAM","ポリシー"],"ポリシー＝JSONの許可文書"),
  q("qd-sec02-e6","security","IAM",2,
    "退職した社員のIAMユーザーをそのままにしていました。何が問題ですか。",
    ["不要な認証情報が残りセキュリティリスクになる","課金が二重に発生する","AWSのサポートが停止する","リージョンが変更される"],
    "不要なIAMユーザーを放置すると、悪用され得る認証情報が残りセキュリティリスクとなります。",
    ["課金と直接の関係はありません。","サポート停止とは無関係です。","リージョン変更とは無関係です。"],
    ["IAM","シナリオ"],"退職時はIAMユーザーを削除"),
  q("qd-sec02-e7","security","IAM",1,
    "IAMで複数のユーザーに共通の権限を配る単位を英語で「＿＿＿＿」と呼びます。＿＿＿＿に入るのはどれですか。",
    ["Group","Role","Policy","User"],
    "共通権限をまとめて配る単位はGroup（グループ）です。",
    ["Roleは一時的に権限を借りる仕組みです。","Policyは許可内容の文書です。","Userは個々のIDです。"],
    ["IAM","穴埋め"],"共通配布＝Group"),
  q("qd-sec02-e8","security","IAM",2,
    "IAMの説明として誤っているものはどれですか。",
    ["1つのIAMユーザーは複数のグループに所属できない","ロールは一時的に権限を借りる仕組みである","ポリシーはJSONで記述される","グループにポリシーをアタッチできる"],
    "IAMユーザーは複数のグループに同時に所属できるため、この説明は誤りです。",
    ["ロールが一時的な仕組みなのは正しい説明です。","ポリシーがJSON記述なのは正しい説明です。","グループへのポリシーアタッチは正しい説明です。"],
    ["IAM","誤り探し"],"1ユーザーは複数グループに所属可能"),
  q("qd-sec02-e9","security","IAM",2,
    "開発チームとインフラチームで異なる権限セットを役割ごとに配布したいです。最適な方法はどれですか。",
    ["チームごとにグループを作りポリシーをアタッチする","全員に同一のAdministratorAccessを付与する","チームごとにルートユーザーを発行する","権限設定を省略する"],
    "役割ごとにグループを分けてポリシーを付与すれば、権限を整理して管理できます。",
    ["全員に管理者権限を与えるのは過剰です。","ルートユーザーは複数発行するものではありません。","権限設定の省略はリスクです。"],
    ["IAM","グループ"],"役割ごとにグループを分ける"),
  q("qd-sec02-e10","security","IAM",1,
    "Lambda関数が他のAWSリソースにアクセスするための権限を与える方法はどれですか。",
    ["実行ロール（IAMロール）をアタッチする","IAMユーザーのアクセスキーを埋め込む","ルートユーザーの認証情報を渡す","グループに追加する"],
    "Lambda関数には実行ロールとしてIAMロールをアタッチし、必要な権限を渡します。",
    ["アクセスキーの埋め込みは漏洩リスクがあります。","ルート認証情報の利用は危険です。","Lambda関数をグループに追加する仕組みはありません。"],
    ["IAM","ロール"],"Lambdaには実行ロールを付与"),
  q("qd-sec02-e11","security","IAM",2,
    "IAMグループの制約として正しいものはどれですか。",
    ["グループ自体はアクセス主体にはならず権限配布の入れ物である","グループはEC2にアタッチできる","グループはロールの一種である","グループはアクセスキーを持つ"],
    "グループ自体はリソースへアクセスする主体にはならず、ユーザーへ権限を配るための入れ物です。",
    ["グループをEC2に直接アタッチすることはできません。","グループとロールは別の概念です。","グループはアクセスキーを持ちません。"],
    ["IAM","グループ"],"グループは権限配布の入れ物"),
  q("qd-sec02-e12","security","IAM",1,
    "AWSリソースやユーザーが一時的に借りる権限の仕組みを「IAM＿＿＿」と呼びます。＿＿＿に入るのはどれですか。",
    ["ロール","グループ","ポリシー","キー"],
    "一時的に権限を借りる仕組みはIAMロールです。",
    ["グループは恒久的な権限配布の単位です。","ポリシーは許可内容の文書です。","キーは認証情報です。"],
    ["IAM","穴埋め"],"一時的な権限＝ロール"),
  q("qd-sec02-e13","security","IAM",2,
    "テスト用に一時的な担当者へ数時間だけアクセスを許可したいです。最適な方法はどれですか。",
    ["一時的なロールを引き受けさせる","恒久的なIAMユーザーを新規作成する","ルートユーザーのパスワードを教える","アクセスキーを永久に発行する"],
    "短時間だけの権限付与にはロールを引き受けさせる方法が適しています。",
    ["恒久的なユーザー作成は手間と残存リスクが増えます。","ルートのパスワード共有は危険です。","永久のキー発行は不要なリスクです。"],
    ["IAM","ロール","シナリオ"],"短時間の権限貸与はロールで"),
  q("qd-sec02-e14","security","IAM",2,
    "IAMベストプラクティスとして誤っているものはどれですか。",
    ["全ユーザーのアクセスキーを定期的にローテーションしない","最小権限を意識してポリシーを設計する","グループを使い共通権限をまとめる","不要になったユーザーを削除する"],
    "アクセスキーはローテーションしないと漏洩リスクが高まるため、この説明は誤りです。",
    ["最小権限を意識した設計は正しい実践です。","グループでの共通権限管理は正しい実践です。","不要ユーザーの削除は正しい実践です。"],
    ["IAM","誤り探し"],"キーは定期ローテーションが原則"),
  q("qd-sec02-e15","security","IAM",1,
    "複数の似た権限セットをテンプレート化して使い回したいとき、活用するのはどれですか。",
    ["マネージドポリシーを複数の対象にアタッチする","毎回手書きでインラインポリシーを書く","ルートユーザーの権限をコピーする","アクセスキーを共有する"],
    "マネージドポリシーは複数のユーザーやロールに使い回せる形で管理できます。",
    ["毎回書き直すのは非効率で誤りの元です。","ルート権限のコピーは危険です。","キー共有は不適切です。"],
    ["IAM","ポリシー"],"使い回しはマネージドポリシー"),
  q("qd-sec02-e16","security","IAM",1,
    "アクセスキー（Access Key ID / Secret Access Key）の説明として正しいものはどれですか。",
    ["プログラムやCLIからAWSを操作するための認証情報","コンソールログイン用のパスワード","MFAのワンタイムコード","課金確認用のトークン"],
    "アクセスキーはプログラムやCLIからAWSを操作するための認証情報です。",
    ["コンソールログインにはパスワードを使います。","ワンタイムコードはMFAデバイスが生成します。","課金確認専用のトークンではありません。"],
    ["IAM","アクセスキー"],"アクセスキー＝プログラム用認証情報"),
  q("qd-sec02-e17","security","IAM",2,
    "IAMユーザーのアクセスキーが誤ってGitHubに公開されてしまいました。まず行うべき対応はどれですか。",
    ["該当のアクセスキーを無効化・削除する","放置して様子を見る","パスワードだけ変更する","課金アラートを止める"],
    "漏洩したアクセスキーはただちに無効化・削除して被害拡大を防ぎます。",
    ["放置は被害拡大のリスクがあります。","パスワード変更だけでは鍵漏洩の対処になりません。","課金アラート停止は根本対応になりません。"],
    ["IAM","アクセスキー","シナリオ"],"漏洩キーは即無効化"),
  q("qd-sec02-e18","security","IAM",1,
    "JSON形式で許可・拒否のルールを記述したものを「IAM＿＿＿＿」と呼びます。＿＿＿＿に入るのはどれですか。",
    ["ポリシー","グループ","ロール","キー"],
    "JSONで許可・拒否を記述したものはIAMポリシーです。",
    ["グループはユーザーの束です。","ロールは一時的な権限貸与です。","キーは認証情報です。"],
    ["IAM","穴埋め"],"許可の文書＝ポリシー"),
  q("qd-sec02-e19","security","IAM",2,
    "IAMの基本要素とその特徴の組合せとして誤っているものはどれですか。",
    ["ロール＝恒久的なパスワードを持つ","グループ＝ユーザーをまとめる入れ物","ポリシー＝許可内容を記述したJSON文書","ユーザー＝人やアプリを表すID"],
    "ロールは恒久的なパスワードを持たず、一時的な権限を貸し出す仕組みのため誤りです。",
    ["グループ＝入れ物は正しい組合せです。","ポリシー＝JSON文書は正しい組合せです。","ユーザー＝IDは正しい組合せです。"],
    ["IAM","誤り探し"],"ロールにパスワードはない"),
);

// --- qd-sec03 IAM（ポリシー・最小権限・MFA・ルートユーザー） (8問) ---
add.push(
  q("qd-sec03-e1","security","IAM",1,
    "特定のS3バケットへの読み取りだけを許可し、他は拒否したいです。使うものはどれですか。",
    ["スコープを絞ったIAMポリシー","AdministratorAccessポリシー","ルートユーザーの認証情報","MFAデバイスの追加"],
    "対象を絞ったIAMポリシーで、必要な読み取り権限だけを許可します。",
    ["管理者権限は過剰で危険です。","ルート利用は日常業務に不適切です。","MFAはアクセス範囲を制御する仕組みではありません。"],
    ["IAM","最小権限"],"必要範囲だけに絞ったポリシーを使う"),
  q("qd-sec03-e2","security","IAM",2,
    "IAMポリシーの評価順序の説明として正しいものはどれですか。",
    ["明示的Denyが最優先、次にAllow、それ以外は暗黙Deny","すべてランダムに評価される","Allowが常にDenyより優先される","評価順序は存在しない"],
    "明示的なDenyが最優先され、次に明示的なAllow、どちらもなければ暗黙のDenyになります。",
    ["評価は決定的な順序で行われます。","明示的DenyはAllowより優先されます。","明確な評価順序が定められています。"],
    ["IAM","ポリシー評価"],"Deny優先→Allow→暗黙Deny"),
  q("qd-sec03-e3","security","IAM",2,
    "新入社員に一時的に管理者権限を渡してしまい、そのまま放置していました。何が問題ですか。",
    ["最小権限の原則に反し不要なリスクが残る","課金が二倍になる","MFAが自動解除される","リージョンが変わる"],
    "不要な広い権限を放置すると最小権限の原則に反し、セキュリティリスクが残ります。",
    ["課金とは直接関係ありません。","MFAの自動解除とは無関係です。","リージョン変更とは無関係です。"],
    ["IAM","最小権限","シナリオ"],"権限は都度見直し絞り込む"),
  q("qd-sec03-e4","security","IAM",1,
    "ルートユーザーの認証情報漏洩を防ぐため、＿＿＿＿を有効化すべきです。＿＿＿＿に入るのはどれですか。",
    ["MFA","VPC","NACL","SCP"],
    "ルートユーザーの保護にはMFA（多要素認証）の有効化が推奨されます。",
    ["VPCはネットワークの仕組みです。","NACLはサブネットの通信制御です。","SCPは組織全体の権限上限設定です。"],
    ["MFA","ルートユーザー","穴埋め"],"ルート保護の基本はMFA"),
  q("qd-sec03-e5","security","IAM",2,
    "最小権限の運用として誤っているものはどれですか。",
    ["全ユーザーに一律で管理者権限を付与し、後で必要に応じて絞る","業務に必要な権限だけを都度見直す","不要になった権限は削除する","一時作業には期限付きロールを使う"],
    "先に広い権限を与えて後から絞る運用は最小権限の原則に反するため誤りです。",
    ["都度の見直しは正しい実践です。","不要権限の削除は正しい実践です。","期限付きロールの利用は正しい実践です。"],
    ["IAM","最小権限","誤り探し"],"広く与えて後で絞るのはNG"),
  q("qd-sec03-e6","security","IAM",2,
    "MFAデバイスを紛失してルートユーザーにログインできなくなりました。どうすべきですか。",
    ["AWSサポート所定の本人確認手続きで復旧する","新しいAWSアカウントを作り直す","放置してログインを諦める","IAMユーザーのパスワードを変更する"],
    "MFAデバイス紛失時はAWSサポートの本人確認手続きを経てアカウントを復旧します。",
    ["アカウントの作り直しは大きな手間と損失を伴います。","放置は業務継続に支障が出ます。","IAMユーザーの変更ではルート復旧になりません。"],
    ["MFA","ルートユーザー","シナリオ"],"MFA紛失時はサポートで復旧"),
  q("qd-sec03-e7","security","IAM",1,
    "同じ権限を持つIAMユーザーが増えても、ポリシー変更を1箇所で済ませたいときに使うのはどれですか。",
    ["IAMグループにポリシーをアタッチする","各ユーザーへ個別にコピーする","ルートユーザーで代行する","アクセスキーを共有する"],
    "グループにポリシーをアタッチすれば、メンバー全員の権限を1箇所で管理できます。",
    ["個別コピーは変更のたびに手間が増えます。","ルートでの代行は不適切です。","キー共有はセキュリティ上不適切です。"],
    ["IAM","グループ"],"共通権限はグループで一元管理"),
  q("qd-sec03-e8","security","IAM",1,
    "ルートユーザーのベストプラクティスとして正しいものはどれですか。",
    ["MFAを有効化し、アクセスキーは作らず日常業務にも使わない","日常業務はすべてルートユーザーで行う","ルートユーザーのパスワードをチーム全員に共有する","ルートユーザーのアクセスキーを複数作成しておく"],
    "ルートユーザーはMFAを有効化し、アクセスキーを作らず日常業務には使わないのが原則です。",
    ["日常業務のルート利用は避けるべきです。","パスワード共有は厳禁です。","ルートのアクセスキー作成は避けるべきです。"],
    ["ルートユーザー","MFA"],"ルートはMFA有効化・日常不使用"),
);

// --- qd-sec04 ルートユーザーの保護とMFA (19問) ---
add.push(
  q("qd-sec04-e1","security","MFA",1,
    "仮想MFAデバイスの例として正しいものはどれですか。",
    ["スマホの認証アプリ（Google Authenticator等）","メールアドレスのみ","ユーザー名のみ","秘密の質問のみ"],
    "仮想MFAデバイスの代表例はスマホの認証アプリです。",
    ["メールアドレスのみでは二つ目の要素になりません。","ユーザー名のみでは認証要素になりません。","秘密の質問のみでは二要素になりません。"],
    ["MFA"],"仮想MFA＝スマホの認証アプリ"),
  q("qd-sec04-e2","security","MFA",2,
    "ルートユーザーのメールアドレスとパスワードだけで運用しており、MFAは未設定です。最優先で行うべきことはどれですか。",
    ["ルートユーザーにMFAを有効化する","パスワードを社内で共有する","アクセスキーを新規発行する","日常業務をルートで行う"],
    "パスワードのみの運用はリスクが高いため、まずMFAを有効化すべきです。",
    ["パスワード共有はリスクを増やします。","ルートのキー発行は避けるべきです。","日常のルート利用は避けるべきです。"],
    ["MFA","ルートユーザー","シナリオ"],"MFA未設定はまず有効化"),
  q("qd-sec04-e3","security","MFA",1,
    "ルートユーザーは通常＿＿＿＿・課金設定変更などの限定的な作業にのみ使うべきです。＿＿＿＿に入るのはどれですか。",
    ["アカウント解約","EC2起動","S3へのファイル保存","IAMユーザーの日常操作"],
    "ルートユーザーはアカウント解約など限定的な作業にのみ使うべきです。",
    ["EC2起動はIAMユーザーで行えます。","S3へのファイル保存はIAMユーザーで行えます。","日常操作はIAMユーザーで行うべきです。"],
    ["ルートユーザー","穴埋め"],"ルート専用作業＝解約等の限定操作"),
  q("qd-sec04-e4","security","MFA",1,
    "ハードウェアMFAデバイスの説明として正しいものはどれですか。",
    ["専用の物理デバイスでワンタイムコードを生成する","スマホアプリのことである","パスワードそのものである","ネットワーク機器である"],
    "ハードウェアMFAデバイスは専用の物理機器でワンタイムコードを生成します。",
    ["スマホアプリは仮想MFAデバイスです。","パスワードとは別の要素です。","ネットワーク機器ではありません。"],
    ["MFA"],"ハードウェアMFA＝専用物理機器"),
  q("qd-sec04-e5","security","MFA",2,
    "ルートユーザー保護の考え方として誤っているものはどれですか。",
    ["ルートユーザーのアクセスキーを複数発行し常用する","MFAを有効化する","日常業務にはIAMユーザーを使う","強固なパスワードを設定する"],
    "ルートのアクセスキーは作らず削除するのが原則で、常用は誤りです。",
    ["MFA有効化は正しい対応です。","日常業務にIAMユーザーを使うのは正しい対応です。","強固なパスワード設定は正しい対応です。"],
    ["ルートユーザー","誤り探し"],"ルートのキーは常用しない"),
  q("qd-sec04-e6","security","MFA",2,
    "複数の管理者でルートユーザーのパスワードを共有して運用しています。何が問題ですか。",
    ["誰が操作したか追跡できず責任の所在が不明になる","課金が高くなる","MFAが自動的に無効化される","IAMユーザーが作成できなくなる"],
    "パスワード共有では操作者を追跡できず、責任の所在が不明になります。",
    ["課金額とは無関係です。","MFAの自動無効化とは無関係です。","IAMユーザー作成とは無関係です。"],
    ["ルートユーザー","シナリオ"],"共有はトレーサビリティを失う"),
  q("qd-sec04-e7","security","MFA",1,
    "ルートユーザーでしかできない操作の例はどれですか。",
    ["AWSアカウント自体の解約","EC2インスタンスの起動","S3バケットの作成","IAMグループの作成"],
    "AWSアカウント自体の解約はルートユーザーでしか行えません。",
    ["EC2起動はIAMユーザーで可能です。","S3バケット作成はIAMユーザーで可能です。","IAMグループ作成はIAMユーザーで可能です。"],
    ["ルートユーザー"],"アカウント解約はルート専用"),
  q("qd-sec04-e8","security","MFA",1,
    "MFAが有効な場合の本人確認の流れとして正しいものはどれですか。",
    ["パスワード入力後、追加でワンタイムコード等を入力する","パスワードのみで完結する","メールアドレスのみで完結する","IPアドレスのみで判定する"],
    "MFA有効時はパスワードに加え、ワンタイムコード等の追加要素で本人確認します。",
    ["パスワードのみではMFAになりません。","メールアドレスのみでは認証要素が不足します。","IPアドレスのみでの判定ではありません。"],
    ["MFA"],"パスワード＋追加要素で確認"),
  q("qd-sec04-e9","security","MFA",1,
    "MFAは＿＿＿＿・所持・生体の要素のうち複数を組み合わせる認証です。＿＿＿＿に入るのはどれですか。",
    ["知識","課金","リージョン","タグ"],
    "MFAは知識・所持・生体のうち複数の要素を組み合わせる認証方式です。",
    ["課金は認証要素ではありません。","リージョンは認証要素ではありません。","タグは認証要素ではありません。"],
    ["MFA","穴埋め"],"MFAの3要素＝知識・所持・生体"),
  q("qd-sec04-e10","security","MFA",2,
    "セキュリティ監査で「ルートユーザーにMFAが設定されていない」と指摘されました。対応はどれですか。",
    ["速やかにルートユーザーへMFAを設定する","指摘を無視する","IAMユーザーのMFAだけ設定する","アカウントを作り直す"],
    "指摘を受けたら速やかにルートユーザーへMFAを設定して是正します。",
    ["指摘の無視はリスクを放置します。","IAMユーザーだけの対応では指摘に応えられません。","アカウント作り直しは過剰な対応です。"],
    ["MFA","シナリオ"],"監査指摘は速やかに是正"),
  q("qd-sec04-e11","security","MFA",2,
    "ルートユーザーとMFAの説明として誤っているものはどれですか。",
    ["MFAを設定すればパスワードは以後不要になる","ルートユーザーは全権限を持つ","MFAは本人確認を強化する仕組みである","ルートの日常利用は避けるべきである"],
    "MFAを設定してもパスワードは引き続き必要なため、この説明は誤りです。",
    ["ルートユーザーが全権限を持つのは正しい説明です。","MFAが本人確認強化なのは正しい説明です。","ルート日常利用回避は正しい説明です。"],
    ["MFA","誤り探し"],"MFAでもパスワードは必要"),
  q("qd-sec04-e12","security","MFA",2,
    "複数人がAWSアカウントの運用に関わる組織で、ルートユーザーへの依存を減らす方法はどれですか。",
    ["権限を絞ったIAMユーザーやロールで業務を行う","ルートのパスワードを共有する","ルートのアクセスキーを配布する","MFAを無効化する"],
    "権限を絞ったIAMユーザーやロールで業務を行うことでルート依存を減らせます。",
    ["パスワード共有は依存とリスクを高めます。","キー配布はリスクを高めます。","MFA無効化はリスクを高めます。"],
    ["ルートユーザー","IAM"],"ルート依存はIAMユーザーで軽減"),
  q("qd-sec04-e13","security","MFA",1,
    "AWSアカウント作成直後の推奨初期対応として正しいものはどれですか。",
    ["ルートユーザーにMFAを設定し、日常用のIAMユーザーを作成する","ルートユーザーのみで運用を続ける","ルートのアクセスキーを発行して使う","パスワードを簡単なものに変更する"],
    "作成直後はルートにMFAを設定し、日常業務用のIAMユーザーを作るのが推奨されます。",
    ["ルートのみでの運用継続はリスクです。","ルートのキー発行は避けるべきです。","パスワードを弱くするのは逆効果です。"],
    ["ルートユーザー","MFA"],"初期対応＝MFA設定＋IAMユーザー作成"),
  q("qd-sec04-e14","security","MFA",2,
    "退職予定の管理者がルートユーザーのパスワードを知っています。退職前に何をすべきですか。",
    ["ルートユーザーのパスワードを変更する","そのまま放置する","IAMユーザーを削除するだけにする","MFAを無効化する"],
    "退職前にはルートユーザーのパスワードを変更し、不正利用を防ぎます。",
    ["放置は不正利用のリスクを残します。","IAMユーザー削除だけではルートの対策になりません。","MFA無効化は逆にリスクを高めます。"],
    ["ルートユーザー","シナリオ"],"退職前はルートのパスワード変更"),
  q("qd-sec04-e15","security","MFA",1,
    "ルートユーザーの保護は「MFA有効化」「＿＿＿＿は作らない」の2点が基本です。＿＿＿＿に入るのはどれですか。",
    ["アクセスキー","IAMユーザー","グループ","ポリシー"],
    "ルート保護の基本は「MFA有効化」と「アクセスキーを作らない」ことです。",
    ["IAMユーザーは通常利用者側で作成するものです。","グループ作成はルート保護と直接関係しません。","ポリシー作成はルート保護と直接関係しません。"],
    ["ルートユーザー","穴埋め"],"ルート保護＝MFA＋キー未作成"),
  q("qd-sec04-e16","security","MFA",1,
    "本人しか持たないスマホでコードを受け取り、なりすましを防ぎたいときに使うのはどれですか。",
    ["MFA（多要素認証）","IAMグループ","アクセスキー","SCP"],
    "スマホでコードを受け取り本人確認を強化する仕組みはMFAです。",
    ["IAMグループは権限をまとめる仕組みです。","アクセスキーは認証情報です。","SCPは組織全体の権限上限設定です。"],
    ["MFA"],"なりすまし対策の基本はMFA"),
  q("qd-sec04-e17","security","MFA",1,
    "ルートユーザーの権限範囲の説明として正しいものはどれですか。",
    ["アカウント内のあらゆる操作が可能な最上位の権限を持つ","IAMユーザーと全く同じ権限しか持たない","課金確認のみに限定される","ネットワーク設定のみに限定される"],
    "ルートユーザーはアカウント内であらゆる操作が可能な最上位の権限を持ちます。",
    ["IAMユーザーは通常より絞られた権限を持ちます。","課金確認のみに限定されません。","ネットワーク設定のみに限定されません。"],
    ["ルートユーザー"],"ルート＝最上位の全権限"),
  q("qd-sec04-e18","security","MFA",2,
    "ルートユーザー運用として誤っているものはどれですか。",
    ["ルートユーザーのMFAは設定しなくてもよい","日常業務はIAMユーザーで行う","ルートのアクセスキーは作らない","強固なパスワードを使う"],
    "ルートユーザーのMFA未設定は推奨事項に反するため誤りです。",
    ["日常業務のIAMユーザー利用は正しい実践です。","キー未作成は正しい実践です。","強固なパスワード利用は正しい実践です。"],
    ["ルートユーザー","誤り探し"],"ルートのMFA未設定はNG"),
  q("qd-sec04-e19","security","MFA",2,
    "スタートアップが最初にAWSアカウントを作りました。ルートユーザーの扱いとして最適なのはどれですか。",
    ["MFAを有効化し、以降の作業用にIAMユーザーを作成して使う","ルートユーザーのままチーム全員で使い続ける","ルートのアクセスキーを発行してCI/CDに使う","パスワードを固定してメモに残す"],
    "MFAを有効化し、以降はIAMユーザーで作業するのが最適な運用です。",
    ["チーム全員でのルート利用は危険です。","ルートのキーをCI/CDに使うのは危険です。","パスワードのメモ保管は漏洩リスクです。"],
    ["ルートユーザー","MFA","シナリオ"],"最初にMFA設定→以後IAMユーザー"),
);

// --- qd-sec05 認証とアクセスの集中管理 (18問) ---
add.push(
  q("qd-sec05-e1","security","STS",1,
    "AWS STSの説明として正しいものはどれですか。",
    ["一時的な認証情報（アクセスキー等）を発行する仕組み","恒久的なパスワードを発行する仕組み","脅威を検知する仕組み","証明書を発行する仕組み"],
    "AWS STSは一時的な認証情報を発行する仕組みです。",
    ["恒久的なパスワード発行の仕組みではありません。","脅威検知はGuardDutyの役割です。","証明書発行はACMの役割です。"],
    ["STS"],"STS＝一時認証情報の発行"),
  q("qd-sec05-e2","security","STS",2,
    "クロスアカウントでロールを引き受けさせ、一時的にアクセス権を渡したいです。関係するのはどれですか。",
    ["AWS STS（AssumeRole）","Amazon Cognito","AWS Directory Service","AWS WAF"],
    "クロスアカウントでのロール引き受けにはSTSのAssumeRoleを使います。",
    ["Cognitoはアプリ利用者向けの認証です。","Directory ServiceはAD連携です。","WAFはWeb攻撃遮断です。"],
    ["STS","ロール"],"クロスアカウント連携はSTS"),
  q("qd-sec05-e3","security","Identity Center",2,
    "複数のAWSアカウントを持つ社員が、毎回別々のパスワードでログインしていて非効率です。改善策はどれですか。",
    ["IAM Identity CenterでSSOを導入する","各アカウントのパスワードを紙にメモする","全アカウントで同じパスワードにする","ルートユーザーで代表してログインする"],
    "IAM Identity Centerを使えば一度のログインで複数アカウントへ入れます。",
    ["パスワードのメモは漏洩リスクです。","同一パスワードの使い回しは危険です。","ルートでの代表ログインは不適切です。"],
    ["Identity Center","シナリオ"],"複数アカウントの一元管理はIdentity Center"),
  q("qd-sec05-e4","security","Cognito",1,
    "モバイルアプリの利用者にソーシャルログイン（Google/Facebook等）を提供したいです。最適なのはどれですか。",
    ["Amazon Cognito","IAM Identity Center","AWS STS","AWS Directory Service"],
    "アプリ利用者向けのソーシャルログイン提供にはAmazon Cognitoが最適です。",
    ["Identity Centerは社員向けです。","STSは一時認証情報の発行です。","Directory ServiceはAD連携です。"],
    ["Cognito"],"アプリ利用者向け認証はCognito"),
  q("qd-sec05-e5","security","Directory Service",1,
    "AWS Directory Serviceの説明として正しいものはどれですか。",
    ["既存のActive Directoryとの連携やAWS上でのAD構築を提供する","アプリ利用者のサインアップ機能を提供する","一時認証情報を発行する","脅威を検知する"],
    "Directory Serviceは既存ADとの連携やAWS上でのAD構築を提供します。",
    ["アプリ利用者向け機能はCognitoです。","一時認証情報の発行はSTSです。","脅威検知はGuardDutyです。"],
    ["Directory Service"],"Directory Service＝AD連携"),
  q("qd-sec05-e6","security","Identity Center",1,
    "一度のログインで複数のシステムに入れる仕組みを「＿＿＿」（シングルサインオン）と呼びます。＿＿＿に入るのはどれですか。",
    ["SSO","MFA","VPC","IAM"],
    "一度のログインで複数システムに入れる仕組みはSSOです。",
    ["MFAは多要素認証です。","VPCはネットワークです。","IAMは権限管理の仕組みです。"],
    ["Identity Center","穴埋め"],"シングルサインオン＝SSO"),
  q("qd-sec05-e7","security","Directory Service",2,
    "社内の人事システムにあるユーザー情報をそのままAWSのログインにも使いたいです。最適なのはどれですか。",
    ["AWS Directory ServiceまたはIAM Identity Centerでの外部ID連携","Amazon Cognitoでアプリ利用者を作り直す","全社員にルートユーザーを配る","IAMユーザーを人事データと無関係に作る"],
    "既存の社内IDを活かすにはDirectory ServiceやIdentity Centerでの外部ID連携が適しています。",
    ["Cognitoはアプリ利用者向けで社員管理には不向きです。","ルート配布は危険です。","人事データと無関係な作成は非効率です。"],
    ["Directory Service","Identity Center"],"既存IDはフェデレーションで活用"),
  q("qd-sec05-e8","security","STS",1,
    "一時的に他システムへAPI経由でアクセスするため、短時間だけ有効な認証情報が欲しいです。使うのはどれですか。",
    ["AWS STS","Amazon Cognito","IAM Identity Center","AWS Directory Service"],
    "短時間だけ有効な認証情報を発行するのはAWS STSです。",
    ["Cognitoはアプリ利用者向け認証です。","Identity Centerは社員向けSSOです。","Directory ServiceはAD連携です。"],
    ["STS"],"短時間の認証情報はSTS"),
  q("qd-sec05-e9","security","Identity Center",2,
    "IAM Identity Centerを使うメリットとして正しいものはどれですか。",
    ["複数AWSアカウントへのアクセスを一元的なログインで管理できる","アプリ利用者の会員登録機能を提供する","脆弱性を診断する","暗号鍵を管理する"],
    "Identity Centerは複数AWSアカウントへのアクセスを一元的なログインで管理できます。",
    ["会員登録機能はCognitoの役割です。","脆弱性診断はInspectorの役割です。","暗号鍵管理はKMSの役割です。"],
    ["Identity Center"],"複数アカウントの一元管理"),
  q("qd-sec05-e10","security","Cognito",2,
    "認証・アクセス管理サービスの説明として誤っているものはどれですか。",
    ["Cognitoは社員向けの複数アカウントSSOを提供するサービスである","STSは一時認証情報を発行する","Identity Centerは社員向けSSOを提供する","Directory ServiceはAD連携を提供する"],
    "Cognitoはアプリ利用者向けの認証サービスであり、社員向けSSOではないため誤りです。",
    ["STSの一時認証情報発行は正しい説明です。","Identity Centerの社員向けSSOは正しい説明です。","Directory ServiceのAD連携は正しい説明です。"],
    ["誤り探し"],"Cognitoは利用者向け"),
  q("qd-sec05-e11","security","Cognito",2,
    "ECサイトを構築中で、会員登録・ログイン・パスワード再設定機能を自前実装せず使いたいです。最適なのはどれですか。",
    ["Amazon Cognito","IAM Identity Center","AWS STS","AWS Organizations"],
    "アプリ利用者向けの会員機能実装にはAmazon Cognitoが最適です。",
    ["Identity Centerは社員向けです。","STSは一時認証情報の発行です。","Organizationsはアカウント統制です。"],
    ["Cognito","シナリオ"],"会員機能はCognitoで実装"),
  q("qd-sec05-e12","security","Identity Center",1,
    "複数のAWSアカウントに対して、社員一人ひとりのアクセス許可をまとめて管理したいです。使うのはどれですか。",
    ["IAM Identity Center","Amazon Cognito","AWS STS","Amazon GuardDuty"],
    "複数アカウントの社員アクセス許可を一元管理するにはIAM Identity Centerを使います。",
    ["Cognitoはアプリ利用者向けです。","STSは一時認証情報の発行です。","GuardDutyは脅威検知です。"],
    ["Identity Center"],"社員のアクセス許可はIdentity Center"),
  q("qd-sec05-e13","security","STS",1,
    "一時的な認証情報を発行するサービスは AWS ＿＿＿ です。＿＿＿に入るのはどれですか。",
    ["STS","SSO","ACM","VPC"],
    "一時認証情報を発行するのはAWS STSです。",
    ["SSOはシングルサインオンの略称です。","ACMは証明書管理です。","VPCはネットワークです。"],
    ["STS","穴埋め"],"一時認証＝STS"),
  q("qd-sec05-e14","security","Directory Service",2,
    "フェデレーション（外部ID連携）の説明として正しいものはどれですか。",
    ["社内ADなど既存の認証基盤をAWSのアクセス管理と連携させる仕組み","AWSアカウントを複数に分割する仕組み","暗号鍵を分散管理する仕組み","課金を複数部署に分割する仕組み"],
    "フェデレーションは既存の認証基盤をAWSのアクセス管理と連携させる仕組みです。",
    ["アカウント分割の仕組みではありません。","暗号鍵の分散管理とは別の話です。","課金分割とは別の話です。"],
    ["Directory Service","フェデレーション"],"フェデレーション＝外部ID連携"),
  q("qd-sec05-e15","security","Identity Center",2,
    "社員が退職した際、複数のAWSアカウントへのアクセスを一括で削除したいです。SSOを使っていた場合のメリットは何ですか。",
    ["1箇所でアクセスを無効化すれば全アカウントへの入口を止められる","アカウントごとに個別に削除作業が必要になる","課金が自動的に停止する","MFAが自動的に無効化される"],
    "SSOを使っていれば1箇所の無効化で全アカウントへのアクセスを止められます。",
    ["個別作業が必要になるのはSSOを使っていない場合です。","課金停止とは無関係です。","MFA無効化とは無関係です。"],
    ["Identity Center","シナリオ"],"SSOなら退職時の対応が一括"),
  q("qd-sec05-e16","security","Cognito",1,
    "ゲームアプリの利用者に匿名ログイン（ゲストプレイ）を提供したいときに使うのはどれですか。",
    ["Amazon Cognito","IAM Identity Center","AWS STS","AWS Directory Service"],
    "アプリ利用者向けの匿名ログイン機能はAmazon Cognitoで提供できます。",
    ["Identity Centerは社員向けです。","STSは一時認証情報の発行です。","Directory ServiceはAD連携です。"],
    ["Cognito"],"アプリ利用者機能はCognito"),
  q("qd-sec05-e17","security","STS",2,
    "STSとCognitoの組合せの説明として誤っているものはどれですか。",
    ["STSはアプリ利用者のサインアップ機能を提供する","STSは一時認証情報を発行する","Cognitoはアプリ利用者の認証を担う","Cognitoはソーシャルログインに対応できる"],
    "アプリ利用者のサインアップ機能を提供するのはCognitoであり、STSではないため誤りです。",
    ["STSが一時認証情報を発行するのは正しい説明です。","Cognitoが利用者認証を担うのは正しい説明です。","Cognitoがソーシャルログイン対応なのは正しい説明です。"],
    ["誤り探し"],"サインアップ機能はCognito"),
  q("qd-sec05-e18","security","Identity Center",2,
    "認証・アクセス管理の観点で「社員向け」と「アプリ利用者向け」の使い分けとして正しいものはどれですか。",
    ["社員向けにはIdentity Center、アプリ利用者向けにはCognitoを使う","どちらの用途でもSTSのみを使う","社員向けにCognito、アプリ利用者向けにIdentity Centerを使う","両方ともDirectory Serviceで代替する"],
    "社員向けにはIdentity Center、アプリ利用者向けにはCognitoを使い分けるのが基本です。",
    ["STSのみでの代替は用途が異なります。","逆の組合せは誤りです。","Directory Serviceでの代替は用途が異なります。"],
    ["Identity Center","Cognito"],"社員=Identity Center、利用者=Cognito"),
);

module.exports = { add, fix };
