const { q } = require("./_q");
const add = [];
const fix = [];

// =========================================================
// add: qd-tec01 （11問）
// =========================================================
add.push(
  q("qd-tec01-e1","technology","CloudFront",1,
    "画像や動画を世界中のユーザーへ低遅延で届けたいときに使うのはどれですか。",
    ["Amazon CloudFront","Amazon EC2","Amazon RDS","Amazon VPC"],
    "CloudFrontは世界中のエッジロケーションからコンテンツを配信するCDNです。",
    ["EC2は仮想サーバーの提供です。","RDSはデータベースの管理です。","VPCは仮想ネットワークの構築です。"],
    ["CloudFront","CDN"],
    "世界中に速く届ける＝CloudFront"),
  q("qd-tec01-e2","technology","DynamoDB",1,
    "スマホゲームのプレイヤーデータのように、読み書きが多くスキーマが変わりやすいデータを扱いたいです。最適なのはどれですか。",
    ["Amazon DynamoDB","Amazon RDS","Amazon Redshift","Amazon EFS"],
    "DynamoDBは柔軟なスキーマと高速な読み書きに強いキー・バリュー型NoSQLです。",
    ["RDSは固定スキーマのSQL型です。","Redshiftは分析用データウェアハウスです。","EFSはファイル共有ストレージです。"],
    ["DynamoDB","NoSQL"],
    "柔軟スキーマ・高速読み書き＝DynamoDB"),
  q("qd-tec01-e3","technology","RDS",1,
    "複雑な結合（JOIN）を伴うSQLクエリを扱う基幹業務システムのデータベースが必要です。最適なのはどれですか。",
    ["Amazon RDS","Amazon DynamoDB","Amazon S3","AWS Lambda"],
    "RDSはリレーショナル（SQL）データベースで、複雑な結合クエリを扱う基幹業務に向きます。",
    ["DynamoDBはNoSQLで複雑な結合には不向きです。","S3はファイル保存用のストレージです。","Lambdaはサーバーレスの実行環境です。"],
    ["RDS","データベース"],
    "複雑なSQL結合＝RDS"),
  q("qd-tec01-e4","technology","EC2",2,
    "特定バージョンのOSとミドルウェアで動く既存アプリを、そのまま自由に管理して動かしたいです。最適なのはどれですか。",
    ["Amazon EC2","AWS Lambda","Amazon S3","Amazon DynamoDB"],
    "EC2はOSレベルから自由に管理できる仮想サーバーで、既存アプリの移行に向きます。",
    ["Lambdaはサーバーレスで常駐OS管理には不向きです。","S3はストレージでOSを持ちません。","DynamoDBはNoSQLデータベースです。"],
    ["EC2","コンピューティング"],
    "OSごと自由に管理＝EC2"),
  q("qd-tec01-e5","technology","Lambda",1,
    "APIリクエストが来た時だけ処理を行い、リクエストが無い間は課金を止めたいです。最適なのはどれですか。",
    ["AWS Lambda","Amazon EC2","Amazon RDS","Amazon EBS"],
    "Lambdaは実行された分だけ課金されるサーバーレスの実行サービスです。",
    ["EC2は起動している間ずっと課金されます。","RDSはデータベースの管理サービスです。","EBSはEC2用のディスクです。"],
    ["Lambda","サーバーレス"],
    "使った分だけ課金＝Lambda"),
  q("qd-tec01-e6","technology","VPC",1,
    "他のシステムと完全に分離した、自分専用のネットワーク環境をAWS上に用意したいです。最適なのはどれですか。",
    ["Amazon VPC","Amazon EC2","Amazon S3","Amazon RDS"],
    "VPCは論理的に分離された利用者専用の仮想ネットワークを構築するサービスです。",
    ["EC2は仮想サーバー本体です。","S3はオブジェクトストレージです。","RDSはデータベースです。"],
    ["VPC","ネットワーク"],
    "専用の仮想ネットワーク＝VPC"),
  q("qd-tec01-e7","technology","S3",1,
    "写真や動画などの非構造化ファイルを、高い耐久性で大量に保存したいです。最適なのはどれですか。",
    ["Amazon S3","Amazon RDS","Amazon EC2","AWS Lambda"],
    "S3はオブジェクト形式で非構造化ファイルを高耐久に保存するストレージです。",
    ["RDSはリレーショナルデータの管理です。","EC2は仮想サーバーの提供です。","Lambdaはコード実行サービスです。"],
    ["S3","ストレージ"],
    "大量ファイルを高耐久に保存＝S3"),
  q("qd-tec01-e8","technology","CloudFront",1,
    "世界中のエッジ拠点からコンテンツを配信するCDNサービスはAmazon ＿＿＿＿＿＿＿＿ です。＿＿に入るのはどれですか。",
    ["CloudFront","VPC","RDS","EBS"],
    "コンテンツ配信網（CDN）サービスはAmazon CloudFrontです。",
    ["VPCはネットワークです。","RDSはデータベースです。","EBSはディスクです。"],
    ["CloudFront","穴埋め"],
    "CDN＝CloudFront"),
  q("qd-tec01-e9","technology","VPC",1,
    "AWS上に構築する自分専用の仮想ネットワークはAmazon ＿＿＿ です。＿＿＿に入るのはどれですか。",
    ["VPC","EC2","S3","RDS"],
    "利用者専用の仮想ネットワークはAmazon VPCです。",
    ["EC2は仮想サーバーです。","S3はストレージです。","RDSはデータベースです。"],
    ["VPC","穴埋め"],
    "専用ネットワーク＝VPC"),
  q("qd-tec01-e10","technology","総合",2,
    "サービスと役割の組合せとして誤っているものはどれですか。",
    ["Amazon RDS＝キー・バリュー型のNoSQL","Amazon CloudFront＝CDN配信","Amazon VPC＝仮想ネットワーク","Amazon S3＝オブジェクトストレージ"],
    "RDSはリレーショナル（SQL）型のデータベースで、NoSQLではありません。",
    ["CloudFront＝CDNは正しい組合せです。","VPC＝仮想ネットワークは正しい組合せです。","S3＝オブジェクトストレージは正しい組合せです。"],
    ["総合","誤り探し"],
    "RDS＝SQL型、NoSQLはDynamoDB"),
  q("qd-tec01-e11","technology","DynamoDB",2,
    "Amazon DynamoDBの説明として正しいものはどれですか。",
    ["キー・バリュー型で高速・自動スケールするNoSQLデータベース","複雑な結合を得意とするリレーショナルデータベース","大規模分析向けのデータウェアハウス","EC2に接続するブロックストレージ"],
    "DynamoDBはキー・バリュー型で自動スケールする高速なNoSQLデータベースです。",
    ["結合が得意なのはRDSです。","データウェアハウスはRedshiftです。","ブロックストレージはEBSです。"],
    ["DynamoDB","NoSQL"],
    "高速・自動スケールNoSQL＝DynamoDB"),
);

// =========================================================
// add: qd-tec02 （16問）
// =========================================================
add.push(
  q("qd-tec02-e1","technology","EC2購入オプション",1,
    "初期費用なしで使った分だけ支払う、柔軟な使い方に向くEC2の購入オプションはどれですか。",
    ["オンデマンドインスタンス","リザーブドインスタンス","スポットインスタンス","Savings Plans"],
    "オンデマンドは初期費用や長期契約なしで使った分だけ支払う基本的な購入方式です。",
    ["リザーブドは1〜3年の予約が必要です。","スポットは中断される可能性がある方式です。","Savings Plansは使用量のコミットメントが必要です。"],
    ["EC2","購入オプション"],
    "柔軟・従量課金＝オンデマンド"),
  q("qd-tec02-e2","technology","EC2購入オプション",1,
    "1年または3年の利用を約束する代わりに、大きな割引を受けられるEC2の購入オプションはどれですか。",
    ["リザーブドインスタンス","オンデマンドインスタンス","スポットインスタンス","無料利用枠"],
    "リザーブドインスタンスは1〜3年の予約により大幅な割引を受けられる方式です。",
    ["オンデマンドは予約なしで使う方式です。","スポットは需給で価格が変わり中断もあり得ます。","無料利用枠は一定条件下の無料枠です。"],
    ["EC2","購入オプション"],
    "長期予約で割引＝リザーブド"),
  q("qd-tec02-e3","technology","EC2購入オプション",1,
    "AWSの余っているコンピューティング能力を大幅割引で使えるが、いつでも中断される可能性がある購入オプションはどれですか。",
    ["スポットインスタンス","オンデマンドインスタンス","リザーブドインスタンス","Dedicated Host"],
    "スポットインスタンスは余剰キャパシティを大幅割引で使える代わりに中断の可能性がある方式です。",
    ["オンデマンドは中断されない標準方式です。","リザーブドは予約により安定利用できます。","Dedicated Hostは専用の物理ホストです。"],
    ["EC2","購入オプション"],
    "安いが中断あり＝スポット"),
  q("qd-tec02-e4","technology","EC2購入オプション",2,
    "利用量をコミットすることで、インスタンスの種類を問わず割引が適用される購入方式はどれですか。",
    ["Savings Plans","オンデマンドインスタンス","スポットインスタンス","無料利用枠"],
    "Savings Plansは一定額の利用をコミットすることで柔軟に割引を受けられる方式です。",
    ["オンデマンドはコミットなしの標準料金です。","スポットは価格変動があり中断もあり得ます。","無料利用枠は条件付きの無料枠です。"],
    ["EC2","購入オプション"],
    "利用額をコミットして割引＝Savings Plans"),
  q("qd-tec02-e5","technology","EC2購入オプション",2,
    "24時間365日、負荷が安定した基幹サーバーを長期間運用します。コストを抑える購入オプションはどれですか。",
    ["リザーブドインスタンス","スポットインスタンス","無料利用枠のみ","都度オンデマンドで再作成"],
    "安定した長期稼働にはリザーブドインスタンスの予約割引が適しています。",
    ["スポットは中断のリスクがあり基幹用途に不向きです。","無料利用枠だけでは基幹運用は賄えません。","都度作成では割引が得られません。"],
    ["EC2","購入オプション"],
    "安定長期稼働＝リザーブド"),
  q("qd-tec02-e6","technology","EC2購入オプション",2,
    "中断されても再実行できる大量の画像変換バッチ処理を、できるだけ安く実行したいです。最適な購入オプションはどれですか。",
    ["スポットインスタンス","リザーブドインスタンス","オンデマンドインスタンス","Dedicated Host"],
    "中断耐性のあるバッチ処理は、割引率の高いスポットインスタンスに向いています。",
    ["リザーブドは予約が前提で割引率はスポットほど高くありません。","オンデマンドは標準料金です。","Dedicated Hostは専有ホストで割引目的ではありません。"],
    ["EC2","購入オプション"],
    "中断OKなバッチ＝スポット"),
  q("qd-tec02-e7","technology","EC2購入オプション",2,
    "数日間だけ使う検証環境で、いつ終了するか事前に決まっていません。最適な購入オプションはどれですか。",
    ["オンデマンドインスタンス","リザーブドインスタンス","Savings Plans","スポットインスタンス（本番相当の重要処理）"],
    "期間が不確定な短期利用には、予約不要なオンデマンドインスタンスが適しています。",
    ["リザーブドは長期予約が前提です。","Savings Plansも一定期間のコミットが必要です。","重要処理をスポットにすると中断リスクが残ります。"],
    ["EC2","購入オプション"],
    "期間不確定な短期＝オンデマンド"),
  q("qd-tec02-e8","technology","EC2インスタンスタイプ",2,
    "演算処理性能を重視する、コンピューティング最適化インスタンスの用途はどれですか。",
    ["バッチ処理や科学計算など高いCPU性能が必要な処理","大容量メモリが必要なインメモリDB","汎用的なWebサーバーやテスト環境","大容量ストレージI/Oが必要な処理"],
    "コンピューティング最適化インスタンスは高いCPU性能を要する処理に向きます。",
    ["大容量メモリはメモリ最適化インスタンス向けです。","汎用用途は汎用インスタンス向けです。","大容量I/Oはストレージ最適化インスタンス向けです。"],
    ["EC2","インスタンスタイプ"],
    "CPU性能重視＝コンピューティング最適化"),
  q("qd-tec02-e9","technology","EC2インスタンスタイプ",2,
    "インメモリデータベースなど、大容量メモリを必要とする処理に向くインスタンスタイプはどれですか。",
    ["メモリ最適化インスタンス","コンピューティング最適化インスタンス","汎用インスタンス","ストレージ最適化インスタンス"],
    "メモリ最適化インスタンスは大容量メモリを要する処理に向きます。",
    ["CPU性能重視はコンピューティング最適化です。","汎用インスタンスはバランス型です。","大容量I/O重視はストレージ最適化です。"],
    ["EC2","インスタンスタイプ"],
    "大容量メモリ＝メモリ最適化"),
  q("qd-tec02-e10","technology","EC2インスタンスタイプ",1,
    "CPU・メモリ・ネットワークのバランスが取れた、Webサーバーなど一般的な用途に向くインスタンスタイプはどれですか。",
    ["汎用インスタンス","メモリ最適化インスタンス","コンピューティング最適化インスタンス","ストレージ最適化インスタンス"],
    "汎用インスタンスはバランス型で一般的な用途に幅広く使えます。",
    ["大容量メモリ重視はメモリ最適化です。","CPU性能重視はコンピューティング最適化です。","大容量I/O重視はストレージ最適化です。"],
    ["EC2","インスタンスタイプ"],
    "バランス型＝汎用インスタンス"),
  q("qd-tec02-e11","technology","AMI",2,
    "作成したAMIを別のリージョンでも使えるようにしたいです。行うべきことはどれですか。",
    ["AMIを対象リージョンへコピーする","セキュリティグループを変更する","EBSの容量を増やす","キーペアを再発行する"],
    "AMIはリージョン単位で管理されるため、別リージョンで使うにはコピーが必要です。",
    ["SG変更はリージョン間コピーと無関係です。","EBS容量変更は別問題です。","キーペア再発行はAMIと無関係です。"],
    ["AMI","EC2"],
    "別リージョンで使う＝AMIコピー"),
  q("qd-tec02-e12","technology","Auto Scaling",1,
    "アクセス量の増減に応じて、EC2の台数を自動で増減させたいです。使うサービスはどれですか。",
    ["Amazon EC2 Auto Scaling","AWS Storage Gateway","Amazon Route 53","Amazon EBS"],
    "EC2 Auto Scalingは負荷に応じてインスタンス数を自動的に増減させる仕組みです。",
    ["Storage Gatewayはオンプレ連携です。","Route 53はDNSです。","EBSはディスクです。"],
    ["EC2","Auto Scaling"],
    "台数を自動増減＝Auto Scaling"),
  q("qd-tec02-e13","technology","EC2",1,
    "再起動してもインスタンスに固定して使える、静的なパブリックIPアドレスはどれですか。",
    ["Elastic IPアドレス","プライベートIPアドレス","動的に変わるパブリックIP","MACアドレス"],
    "Elastic IPは再起動しても固定して使える静的なパブリックIPアドレスです。",
    ["プライベートIPは内部通信用です。","動的パブリックIPは再起動で変わります。","MACアドレスはネットワークカードの識別子です。"],
    ["EC2","ネットワーク"],
    "固定パブリックIP＝Elastic IP"),
  q("qd-tec02-e14","technology","EC2",2,
    "EC2を停止・終了するとデータが消えてしまう、一時的なローカルディスクはどれですか。",
    ["インスタンスストア","Amazon EBS","Amazon EFS","Amazon S3"],
    "インスタンスストアはインスタンス本体に付属する一時ストレージで、停止・終了でデータが失われます。",
    ["EBSは永続的なブロックストレージです。","EFSは永続的な共有ファイルストレージです。","S3は永続的なオブジェクトストレージです。"],
    ["EC2","ストレージ"],
    "消えるローカルディスク＝インスタンスストア"),
  q("qd-tec02-e15","technology","EC2購入オプション",1,
    "割引は大きいが中断される可能性があるEC2購入オプションは＿＿＿＿＿＿＿＿インスタンスです。＿＿に入るのはどれですか。",
    ["スポット","オンデマンド","リザーブド","Savings Plans"],
    "割引が大きいが中断され得る方式はスポットインスタンスです。",
    ["オンデマンドは標準料金です。","リザーブドは予約前提です。","Savings Plansはコミット前提です。"],
    ["EC2","穴埋め"],
    "安いが中断あり＝スポット"),
  q("qd-tec02-e16","technology","EC2購入オプション",2,
    "EC2の購入オプションの説明として誤っているものはどれですか。",
    ["スポットインスタンスは中断されることのない最も安定した方式である","リザーブドインスタンスは長期予約で割引が得られる","オンデマンドインスタンスは予約不要で使った分だけ課金される","Savings Plansは利用額のコミットで割引が得られる"],
    "スポットインスタンスは中断される可能性がある方式であり、最も安定した方式ではありません。",
    ["リザーブドの説明は正しいです。","オンデマンドの説明は正しいです。","Savings Plansの説明は正しいです。"],
    ["EC2","誤り探し"],
    "スポット＝中断あり、安定ではない"),
);

// =========================================================
// add: qd-tec03 （15問）
// =========================================================
add.push(
  q("qd-tec03-e1","technology","EKS",1,
    "Kubernetesを使ってコンテナを本格的に運用管理したいです。最適なのはどれですか。",
    ["Amazon EKS","AWS Lambda","Amazon S3","Amazon RDS"],
    "EKSはKubernetesをマネージドで運用できるコンテナオーケストレーションサービスです。",
    ["Lambdaはサーバーレスの実行環境です。","S3はストレージです。","RDSはデータベースです。"],
    ["EKS","コンテナ"],
    "Kubernetes運用＝EKS"),
  q("qd-tec03-e2","technology","EKS",2,
    "Amazon EKSの説明として正しいものはどれですか。",
    ["Kubernetesをマネージドで運用できるコンテナサービス","イメージを保管するレジストリ","サーバーレスで関数を実行するサービス","ブロックストレージサービス"],
    "EKSはKubernetesクラスタの運用管理を代行するマネージドサービスです。",
    ["イメージ保管はECRです。","サーバーレス実行はLambdaです。","ブロックストレージはEBSです。"],
    ["EKS","コンテナ"],
    "マネージドKubernetes＝EKS"),
  q("qd-tec03-e3","technology","ECS",2,
    "Amazon ECSでコンテナを動かす際、土台となるサーバーを自分で管理したい場合に選ぶ起動タイプはどれですか。",
    ["EC2起動タイプ","Fargate起動タイプ","Lambda起動タイプ","サーバーレス起動タイプ"],
    "EC2起動タイプでは利用者がEC2インスタンスを管理してコンテナを動かします。",
    ["Fargate起動タイプはサーバー管理が不要です。","Lambda起動タイプという分類はECSにありません。","サーバーレス起動タイプという分類名はありません。"],
    ["ECS","起動タイプ"],
    "サーバー自己管理＝EC2起動タイプ"),
  q("qd-tec03-e4","technology","Fargate",1,
    "Amazon ECSでコンテナを動かす際、土台のサーバー管理をAWSに任せたい場合に選ぶ起動タイプはどれですか。",
    ["Fargate起動タイプ","EC2起動タイプ","オンプレミス起動タイプ","スポット専用起動タイプ"],
    "Fargate起動タイプはサーバー管理を不要にしてコンテナだけを実行できます。",
    ["EC2起動タイプは自分でサーバーを管理します。","オンプレミス起動タイプという分類はECSにありません。","スポット専用起動タイプという分類はありません。"],
    ["ECS","Fargate"],
    "サーバー管理不要＝Fargate起動タイプ"),
  q("qd-tec03-e5","technology","Lambda",2,
    "インターネット経由のAPIリクエストをきっかけに、Lambda関数を呼び出したいです。組み合わせるサービスはどれですか。",
    ["Amazon API Gateway","Amazon VPC","Amazon EBS","Amazon Route 53"],
    "API GatewayはAPIリクエストを受け付けてLambdaなどをトリガーするサービスです。",
    ["VPCはネットワークです。","EBSはディスクです。","Route 53はDNSです。"],
    ["Lambda","API Gateway"],
    "APIの入口＋Lambda起動＝API Gateway"),
  q("qd-tec03-e6","technology","コンテナ",1,
    "アプリと実行環境をひとまとめにし、どの環境でも同じように動かせる性質を何と呼びますか。",
    ["ポータビリティ（移植性）","弾力性","耐久性","可用性"],
    "コンテナはアプリと環境をまとめてパッケージ化し、環境間で同じように動かせる移植性を持ちます。",
    ["弾力性は需要に応じた自動増減です。","耐久性はデータが失われにくい性質です。","可用性はシステムが使い続けられる性質です。"],
    ["コンテナ","ポータビリティ"],
    "どこでも同じ動作＝ポータビリティ"),
  q("qd-tec03-e7","technology","サーバーレス",1,
    "サーバーレスサービスの特徴として正しいものはどれですか。",
    ["インフラ管理が不要で、実行時間に応じて課金される","常時起動したサーバーを自分で管理する","固定料金で使い放題である","OSのパッチ適用が利用者責任である"],
    "サーバーレスはインフラ管理が不要で、実行された分だけ課金される仕組みです。",
    ["常時管理が必要なのはEC2などです。","固定料金使い放題ではなく従量課金です。","OSパッチ適用はAWS側が行います。"],
    ["サーバーレス","Lambda"],
    "管理不要・従量課金＝サーバーレス"),
  q("qd-tec03-e8","technology","コンテナ",2,
    "アプリを多数の小さなサービスに分割し、それぞれ独立してデプロイ・スケールしたいです。適した構成はどれですか。",
    ["コンテナ（ECS/EKS）でサービスごとに分割して運用する","1台のEC2にすべてまとめて配置する","すべてを1つのLambda関数にまとめる","RDS1台にすべてのロジックを実装する"],
    "コンテナ化により、サービスごとに独立してデプロイ・スケールするマイクロサービス構成がしやすくなります。",
    ["1台に集約すると独立性が失われます。","1関数への集約もマイクロサービス化に反します。","RDSはデータベースでロジック実装向けではありません。"],
    ["コンテナ","マイクロサービス"],
    "独立デプロイ＝コンテナでマイクロサービス化"),
  q("qd-tec03-e9","technology","EKS",2,
    "社内でKubernetesの知識・ツールを活かし、オンプレや他クラウドと似た運用方法をAWSでも使いたいです。最適なのはどれですか。",
    ["Amazon EKS","AWS Lambda","Amazon S3","Amazon RDS"],
    "EKSは標準のKubernetesをベースにしており、既存のKubernetes知識やツールをそのまま活かせます。",
    ["Lambdaは関数実行のサーバーレスです。","S3はストレージです。","RDSはデータベースです。"],
    ["EKS","Kubernetes"],
    "Kubernetes知識を活かす＝EKS"),
  q("qd-tec03-e10","technology","コンテナ",2,
    "コンテナ関連サービスの組合せとして誤っているものはどれですか。",
    ["Amazon EKS＝オブジェクトストレージサービス","Amazon ECS＝コンテナの実行管理","Amazon ECR＝コンテナイメージの保管庫","AWS Fargate＝サーバー管理不要の実行環境"],
    "EKSはKubernetesのマネージドサービスであり、オブジェクトストレージではありません。",
    ["ECS＝実行管理は正しい組合せです。","ECR＝保管庫は正しい組合せです。","Fargate＝サーバー管理不要は正しい組合せです。"],
    ["コンテナ","誤り探し"],
    "EKS＝Kubernetes管理、ストレージではない"),
  q("qd-tec03-e11","technology","EKS",1,
    "Kubernetesをマネージドで運用できるサービスはAmazon ＿＿＿ です。＿＿＿に入るのはどれですか。",
    ["EKS","ECR","ECS","EFS"],
    "KubernetesのマネージドサービスはAmazon EKSです。",
    ["ECRはイメージ保管庫です。","ECSは独自のコンテナ管理です。","EFSは共有ファイルストレージです。"],
    ["EKS","穴埋め"],
    "Kubernetes＝EKS"),
  q("qd-tec03-e12","technology","Fargate",1,
    "ECSでサーバー管理を不要にする起動タイプは＿＿＿＿＿＿＿＿起動タイプです。＿＿に入るのはどれですか。",
    ["Fargate","EC2","オンプレミス","スポット"],
    "サーバー管理を不要にするECSの起動タイプはFargate起動タイプです。",
    ["EC2起動タイプは自分で管理します。","オンプレミス起動タイプという分類はありません。","スポット起動タイプという分類名はありません。"],
    ["ECS","穴埋め"],
    "管理不要＝Fargate起動タイプ"),
  q("qd-tec03-e13","technology","ECS",2,
    "コンテナを動かしたいが、Kubernetes固有の機能は不要でシンプルに使いたいです。最適なのはどれですか。",
    ["Amazon ECS","Amazon EKS","AWS Batch","Amazon EMR"],
    "ECSはAWS独自のシンプルなコンテナオーケストレーションで、Kubernetesの知識なしでも使えます。",
    ["EKSはKubernetesベースで学習コストが高くなります。","Batchはバッチ処理向けです。","EMRはビッグデータ処理基盤です。"],
    ["ECS","EKS"],
    "シンプルなコンテナ管理＝ECS"),
  q("qd-tec03-e14","technology","Lambda",2,
    "AWS Lambdaの特徴として正しいものはどれですか。",
    ["1回の実行に時間の上限があり、短時間の処理に向く","常時起動し続けるサーバーである","無制限に長時間の処理を実行できる","OSのパッチ適用が利用者の責任である"],
    "Lambdaは1回の実行時間に上限があり、短時間で終わる処理に向いています。",
    ["常時起動するのはEC2などです。","実行時間には上限があります。","OSパッチ適用はAWS側が行います。"],
    ["Lambda","制限"],
    "短時間処理向け＝Lambda"),
  q("qd-tec03-e15","technology","コンテナ",2,
    "サーバーレス・コンテナサービスの説明として誤っているものはどれですか。",
    ["ECSはリレーショナルデータベースの一種である","Fargateはサーバー管理を不要にする実行環境である","ECRはコンテナイメージの保管庫である","Lambdaはサーバーレスで関数を実行する"],
    "ECSはコンテナの実行管理サービスであり、データベースではありません。",
    ["Fargateの説明は正しいです。","ECRの説明は正しいです。","Lambdaの説明は正しいです。"],
    ["コンテナ","誤り探し"],
    "ECS＝コンテナ管理、DBではない"),
);

// =========================================================
// add: qd-tec04 （15問）
// =========================================================
add.push(
  q("qd-tec04-e1","technology","FSx",2,
    "WindowsベースのファイルサーバーをSMBプロトコルのまま、そっくりAWSへ移行したいです。最適なのはどれですか。",
    ["Amazon FSx for Windows File Server","Amazon EFS","Amazon S3","Amazon EBS"],
    "FSx for Windows File ServerはSMB互換のWindows向け共有ファイルストレージです。",
    ["EFSはLinux向けの共有ファイルストレージです。","S3はオブジェクトストレージです。","EBSはEC2専用のブロックストレージです。"],
    ["FSx","ストレージ"],
    "Windows共有ファイル＝FSx for Windows"),
  q("qd-tec04-e2","technology","FSx",1,
    "Amazon FSxの説明として正しいものはどれですか。",
    ["Windows/Lustreなど人気ファイルシステムをマネージドで提供するサービス","オブジェクトを保存するストレージ","EC2専用のブロックストレージ","インメモリのキャッシュサービス"],
    "FSxはWindows File ServerやLustreなど特定用途のファイルシステムをマネージドで提供します。",
    ["オブジェクトストレージはS3です。","ブロックストレージはEBSです。","キャッシュはElastiCacheです。"],
    ["FSx","ストレージ"],
    "人気ファイルシステムをマネージド提供＝FSx"),
  q("qd-tec04-e3","technology","FSx",2,
    "高性能コンピューティング（HPC）や機械学習向けに、高速な並列アクセスができる共有ファイルストレージが欲しいです。最適なのはどれですか。",
    ["Amazon FSx for Lustre","Amazon EFS","Amazon S3標準","Amazon EBS"],
    "FSx for LustreはHPCや機械学習向けの高速並列ファイルシステムです。",
    ["EFSは汎用的な共有ファイルストレージです。","S3標準はオブジェクトストレージです。","EBSは1台のEC2専用ディスクです。"],
    ["FSx","HPC"],
    "HPC高速並列＝FSx for Lustre"),
  q("qd-tec04-e4","technology","Snowball",1,
    "数十テラバイト規模のデータを、細いネットワーク回線を使わず物理デバイスでAWSへ移送したいです。最適なのはどれですか。",
    ["AWS Snowball","Amazon EBS","Amazon EFS","AWS Storage Gateway"],
    "Snowballは物理デバイスを使って大量データをオフラインで安全に輸送するサービスです。",
    ["EBSはEC2用のディスクです。","EFSは共有ファイルストレージです。","Storage Gatewayはネットワーク経由の連携です。"],
    ["Snowball","データ移行"],
    "物理輸送で大量データ移行＝Snowball"),
  q("qd-tec04-e5","technology","DataSync",1,
    "オンプレミスのファイルサーバーのデータを、継続的にAmazon S3へ同期したいです。最適なのはどれですか。",
    ["AWS DataSync","Amazon Athena","Amazon Kinesis","AWS Config"],
    "DataSyncはオンプレミスとAWSストレージ間のデータ転送・同期を自動化するサービスです。",
    ["Athenaは分析クエリです。","Kinesisはリアルタイムデータ処理です。","Configは設定評価です。"],
    ["DataSync","データ移行"],
    "継続的な同期転送＝DataSync"),
  q("qd-tec04-e6","technology","Storage Gateway",2,
    "オンプレのアプリからは今まで通りローカルディスクのように使わせつつ、裏側ではS3に保存したいです。最適なのはどれですか。",
    ["AWS Storage Gateway","Amazon EBS","Amazon EFS","Amazon FSx"],
    "Storage Gatewayはオンプレのアプリにローカルディスクのように見せながら裏側でS3と連携します。",
    ["EBSはEC2専用ディスクです。","EFSは共有ファイルストレージです。","FSxは特定OS向けファイルシステムです。"],
    ["Storage Gateway","ハイブリッド"],
    "ローカル風に見せてS3連携＝Storage Gateway"),
  q("qd-tec04-e7","technology","FSx",2,
    "複数のLinuxサーバーから共有したい場合はEFS、Windows共有フォルダとして使いたい場合は何を選びますか。",
    ["Amazon FSx for Windows File Server","Amazon EBS","Amazon S3","AWS Storage Gateway"],
    "Windows向けの共有ファイルサーバーにはFSx for Windows File Serverを使います。",
    ["EBSはEC2専用ディスクです。","S3はオブジェクトストレージです。","Storage Gatewayはオンプレ連携用です。"],
    ["FSx","EFS"],
    "Windows共有＝FSx for Windows"),
  q("qd-tec04-e8","technology","EBS",1,
    "Amazon EBSボリュームは基本的にどのように使われますか。",
    ["同じアベイラビリティーゾーン内の1台のEC2に接続して使う","複数リージョンのEC2から同時に使う","インターネット経由で誰でもアクセスできる","複数のAZから同時にマウントして使う"],
    "EBSは同一AZ内の基本的に1台のEC2に接続して使うブロックストレージです。",
    ["複数リージョンからの同時利用はできません。","誰でもアクセスできる公開設計ではありません。","複数AZからの同時マウントには対応しません。"],
    ["EBS","接続"],
    "同AZの1台に接続＝EBS"),
  q("qd-tec04-e9","technology","EFS",2,
    "Amazon EFSの可用性に関する説明として正しいものはどれですか。",
    ["複数のアベイラビリティーゾーンにまたがってアクセスできる","1つのAZでしか使えない","1台のEC2専用でしか使えない","インターネットからのみアクセスできる"],
    "EFSは複数のAZにまたがって複数のEC2から同時にアクセスできる共有ファイルストレージです。",
    ["EFSは複数AZにまたがって使えます。","EFSは複数台のEC2から使えます。","VPC内からのアクセスが基本です。"],
    ["EFS","可用性"],
    "複数AZで共有可能＝EFS"),
  q("qd-tec04-e10","technology","EFS",1,
    "複数台のLinux EC2から同じファイル群を同時に読み書きしたいですが、Windows専用機能は不要です。最適なのはどれですか。",
    ["Amazon EFS","Amazon FSx for Windows File Server","Amazon EBS","Amazon S3 Glacier"],
    "Linuxの複数サーバー共有にはAmazon EFSが適しています。",
    ["FSx for Windowsは Windows専用です。","EBSは基本1台専用です。","Glacierはアーカイブ用途です。"],
    ["EFS","シナリオ"],
    "Linux複数台共有＝EFS"),
  q("qd-tec04-e11","technology","Snowball",2,
    "回線が細く、数百TB規模のデータをオンラインで送るのが現実的でないため、一括で高速にAWSへ移行したいです。最適なのはどれですか。",
    ["AWS Snowball（Snow Family）","Amazon S3への直接アップロード","AWS DataSyncのみで転送","Amazon EFSへの直接コピー"],
    "回線が細い大容量データの移行には、物理デバイスを使うSnowballが適しています。",
    ["直接アップロードは回線速度に制約されます。","DataSyncもネットワーク経由で回線に依存します。","EFSへの直接コピーもネットワークに依存します。"],
    ["Snowball","データ移行"],
    "回線が細い大容量移行＝Snowball"),
  q("qd-tec04-e12","technology","ストレージ",2,
    "ストレージサービスの説明として誤っているものはどれですか。",
    ["Amazon FSxはオブジェクトストレージサービスである","Amazon FSxはWindows/Lustreなどのファイルシステムを提供する","AWS Snowballは物理デバイスでデータを移送する","AWS DataSyncはオンプレとAWS間のデータ転送を自動化する"],
    "FSxはファイルシステムを提供するサービスであり、オブジェクトストレージではありません。",
    ["FSxの説明は正しいです。","Snowballの説明は正しいです。","DataSyncの説明は正しいです。"],
    ["ストレージ","誤り探し"],
    "FSx＝ファイルシステム、オブジェクトではない"),
  q("qd-tec04-e13","technology","FSx",1,
    "Windows向けの共有ファイルシステムを提供するのはAmazon ＿＿＿ です。＿＿＿に入るのはどれですか。",
    ["FSx","EBS","S3","DynamoDB"],
    "Windows向け共有ファイルシステムはAmazon FSxです。",
    ["EBSはブロックストレージです。","S3はオブジェクトストレージです。","DynamoDBはNoSQLです。"],
    ["FSx","穴埋め"],
    "Windows共有＝FSx"),
  q("qd-tec04-e14","technology","DataSync",1,
    "オンプレミスとAWSの間でデータを転送・同期するサービスはAWS ＿＿＿＿＿＿＿＿ です。＿＿に入るのはどれですか。",
    ["DataSync","Snowball","Storage Gateway","CloudFront"],
    "継続的なデータ転送・同期にはAWS DataSyncを使います。",
    ["Snowballは物理デバイスでの移送です。","Storage Gatewayはローカル風に見せる連携です。","CloudFrontはCDNです。"],
    ["DataSync","穴埋め"],
    "継続的な転送・同期＝DataSync"),
  q("qd-tec04-e15","technology","ストレージ",2,
    "ストレージの用途の組合せとして誤っているものはどれですか。",
    ["EBS＝複数のアベイラビリティーゾーンから同時共有するのに最適","EFS＝複数サーバーでの共有に向く","FSx＝Windows/Lustre向けファイルシステム","Snowball＝物理デバイスでの大量データ移送"],
    "EBSは基本的に同一AZ内の1台のEC2に接続するもので、複数AZからの同時共有には向きません。",
    ["EFS＝共有は正しい組合せです。","FSx＝特定OS向けは正しい組合せです。","Snowball＝物理移送は正しい組合せです。"],
    ["ストレージ","誤り探し"],
    "EBSは複数AZ共有に不向き"),
);
